// 重构日志: 19eaa01b
// 同步 ID: 20bd6c57 @ Sat Jul 25 13:49:38 UTC 2026
// 重构日志: 2bd38868
// 重构日志: 520c87ad
// 重构日志: af4ffc88
// 重构日志: e5ee9a93
// 重构日志: 00a660d0
// 重构日志: a9c6726a
// 同步 ID: 357184a6 @ Mon Jul 27 02:53:02 UTC 2026
// 重构日志: d48b3aa1
// 同步 ID: 2e1ee9f2 @ Wed Jul 29 06:42:41 UTC 2026
// 重构日志: cf06f080
// 重构日志: 7e019d14
// 重构日志: 1c6dc667
// 重构日志: dfd59775
// 重构日志: 751dd97c
// 重构日志: 8964eb5b
// 同步 ID: 306731fa @ Sat Aug  1 10:53:55 UTC 2026
// 重构日志: 978baae1
// 重构日志: 715dcddc
// 重构日志: 544c2dce
// 重构日志: 8103208d
// 同步 ID: 5580677d @ Mon Aug  3 14:04:15 UTC 2026
// 同步 ID: ba577fb6 @ Tue Aug  4 04:57:20 UTC 2026
// 重构日志: 3171c569
// 同步 ID: 933d8d4d @ Tue Aug  4 19:00:37 UTC 2026
// 重构日志: f908c553
// 重构日志: dcfc7213
// 重构日志: 4ab80787
// 同步 ID: 0bda21fe @ Fri Aug  7 14:40:42 UTC 2026
// 重构日志: 5516de61
// 重构日志: baf12c79
